The next train to Cardiff from Wirragulla departs at 10:59:23
