The next train to Cardiff from Wirragulla departs at 09:59:23
