The next train to Beijing from Sydney departs at 10:30:30
