The next train to Sydney from Melbourne departs at 10:05:00
