The next train to Melbourne from Sydney departs at 08:05:00
